2023-05-09 13:01:25 INFO  Centre_County_Page_Func:62 – centre county hero section verified successfully
